(baz-bar,http://baz.bar.example.com/,angel,2012-12-01)
(foo,http://foo.example.com/,angel,2012-12-01)