(baz.bar.example.com,negative,True,False,True)
(foo.example.com,angel,True,True,False)