(foo.example.com,{(2012-09-03,1)},foo,angel,2012-12-01)