(baz.bar.example.com,{(2012-09-03,2),(2012-09-04,1)})